node.exe : Debugger listening on ws:/
/127.0.0.1:65515/0e66046a-daa0-4f19-a
c0d-cc54d7ec5119
At C:\Program 
Files\nodejs\npx.ps1:29 char:3
+   & $NODE_EXE $NPX_CLI_JS $args
+   ~~~~~~~~~~~~~~~~~~~~~~~~~~~~~
    + CategoryInfo          : NotSpe 
   cified: (Debugger listen...0d-cc  
  54d7ec5119:String) [], RemoteExc   
 eption
    + FullyQualifiedErrorId : Native 
   CommandError
 
For help, see: 
https://nodejs.org/en/docs/inspector
Debugger attached.
Debugger listening on ws://127.0.0.1:
51175/c9039531-9fda-46dc-809f-0bd161c
b5c14
For help, see: 
https://nodejs.org/en/docs/inspector
Debugger attached.
components/dashboard/office2d/OfficeScene2D.tsx(50,28): error TS2551: Property 'requiredSkill' does not exist on type 'ProductModule'. Did you mean 'requiredCoreSkill'?
components/dashboard/office2d/OfficeScene2D.tsx(51,28): error TS2551: Property 'requiredSkill' does not exist on type 'ProductModule'. Did you mean 'requiredCoreSkill'?
components/dashboard/office2d/OfficeScene2D.tsx(52,28): error TS2551: Property 'requiredSkill' does not exist on type 'ProductModule'. Did you mean 'requiredCoreSkill'?
components/dashboard/office2d/OfficeScene2D.tsx(52,67): error TS2551: Property 'requiredSkill' does not exist on type 'ProductModule'. Did you mean 'requiredCoreSkill'?
components/dashboard/tabs/ContractsTab.tsx(53,84): error TS2551: Property 'skill' does not exist on type 'Employee'. Did you mean 'skills'?
components/dashboard/tabs/OverviewTab.tsx(26,103): error TS2551: Property 'skill' does not exist on type 'Employee'. Did you mean 'skills'?
Waiting for the debugger to 
disconnect...
Waiting for the debugger to 
disconnect...
